// Jest Snapshot v1, https://goo.gl/fbAQLP

exports[` 1`] = `undefined`;

exports[`testing App component includes 1 div with class container 1`] = `undefined`;
